0000000
000#000
0000000
0####00
0#0#000
0####00
0000000
